<!DOCTYPE html>
<html>
  <head>
    <meta charset="utf-8">
    <title> run-js â€“ /foo.js </title>
  </head>

  <body>
    <div id="root"></div>

    <script src="/__bundle/-foo.js.bundle.js"></script>
  </body>
</html>
