<body>
  <b> html file </b>
<script src="/__bundle/-test.js.bundle.js"></script></body>
